error: expected a list of field names, for example #[enum_into(Target1::field_a, Target2::field_b)]
 --> tests/enum_into/compile_fail/field/path_attribute.rs:7:9
  |
7 |         #[enum_into] // Should be #[enum_into(Target::a)]
  |         ^
